<html>
<body>
<pre>
<h1>µVision Build Log</h1>
<h2>Tool Versions:</h2>
IDE-Version: ¦ÌVision V5.27.1.0
Copyright (C) 2019 ARM Ltd and ARM Germany GmbH. All rights reserved.
License Information: zhou zhouzhanhong, WildwolfTeam, LIC=AK1BF-66Z1I-24ESS-LZDA6-GE9BL-UXHCK
 
Tool Versions:
Toolchain:       MDK-ARM Professional  Version: 5.27.1.0
Toolchain Path:  D:\keil\keil5.27\ARM\ARMCC\Bin
C Compiler:      Armcc.exe V5.06 update 6 (build 750)
Assembler:       Armasm.exe V5.06 update 6 (build 750)
Linker/Locator:  ArmLink.exe V5.06 update 6 (build 750)
Library Manager: ArmAr.exe V5.06 update 6 (build 750)
Hex Converter:   FromElf.exe V5.06 update 6 (build 750)
CPU DLL:         SARMCM3.DLL V5.27.1.0
Dialog DLL:      DCM.DLL V1.17.2.0
Target DLL:      CMSIS_AGDI.dll V1.31.17.0
Dialog DLL:      TCM.DLL V1.36.1.0
 
<h2>Project:</h2>
D:\All Coding\2020Äê´úÂë\RC2 Project\RC2 Project\MDK-ARM\RC2 Project.uvprojx
Project File Date:  01/09/2020

<h2>Output:</h2>
*** Using Compiler 'V5.06 update 6 (build 750)', folder: 'D:\keil\keil5.27\ARM\ARMCC\Bin'
Build target 'RC2 Project'
compiling Devices_Analysis.c...
..\Devices\Devices_Analysis.c(87): warning:  #1-D: last line of file ends without a newline
  }
..\Devices\Devices_Analysis.c: 1 warning, 0 errors
compiling Devices_DR16.c...
compiling BSP_USART.c...
..\BSP\BSP_USART.c(96): warning:  #940-D: missing return statement at end of non-void function "USART1_Receive_DMA_NO_IT" 
  }
..\BSP\BSP_USART.c: 1 warning, 0 errors
compiling BSP_CAN.c...
..\BSP\BSP_CAN.c(78): warning:  #1-D: last line of file ends without a newline
  /*-----------------------------------file of end------------------------------*/
..\BSP\BSP_CAN.c: 1 warning, 0 errors
compiling Devices_RM3508.c...
..\Devices\Devices_RM3508.c(54): warning:  #1-D: last line of file ends without a newline
  }
..\Devices\Devices_RM3508.c: 1 warning, 0 errors
compiling gpio.c...
compiling main.c...
compiling can.c...
compiling stm32f4xx_hal_msp.c...
compiling tim.c...
compiling stm32f4xx_it.c...
compiling dma.c...
compiling stm32f4xx_hal_tim_ex.c...
compiling usart.c...
compiling stm32f4xx_hal_can.c...
compiling stm32f4xx_hal_tim.c...
compiling stm32f4xx_hal_rcc_ex.c...
compiling stm32f4xx_hal_flash.c...
compiling stm32f4xx_hal_rcc.c...
compiling stm32f4xx_hal_uart.c...
compiling stm32f4xx_hal_flash_ramfunc.c...
compiling stm32f4xx_hal_flash_ex.c...
compiling stm32f4xx_hal_gpio.c...
compiling stm32f4xx_hal_dma_ex.c...
compiling stm32f4xx_hal_dma.c...
compiling stm32f4xx_hal_cortex.c...
compiling stm32f4xx_hal_exti.c...
compiling stm32f4xx_hal_pwr.c...
compiling stm32f4xx_hal_pwr_ex.c...
compiling system_stm32f4xx.c...
compiling stm32f4xx_hal.c...
linking...
Program Size: Code=8662 RO-data=494 RW-data=64 ZI-data=1352  
FromELF: creating hex file...
".\RC2 Project\RC2 Project.axf" - 0 Error(s), 4 Warning(s).

<h2>Software Packages used:</h2>

Package Vendor: ARM
                http://www.keil.com/pack/ARM.CMSIS.5.5.1.pack
                ARM.CMSIS.5.5.1
                CMSIS (Cortex Microcontroller Software Interface Standard)
   * Component: CORE Version: 5.2.0

Package Vendor: Keil
                http://www.keil.com/pack/Keil.STM32F4xx_DFP.2.13.0.pack
                Keil.STM32F4xx_DFP.2.13.0
                STMicroelectronics STM32F4 Series Device Support, Drivers and Examples

<h2>Collection of Component include folders:</h2>
  .\RTE\_RC2_Project
  D:\keil\keil5.27\ARM\CMSIS\5.5.1\CMSIS\Core\Include
  D:\keil\keil5.27\Keil\STM32F4xx_DFP\2.13.0\Drivers\CMSIS\Device\ST\STM32F4xx\Include

<h2>Collection of Component Files used:</h2>

   * Component: ARM::CMSIS:CORE:5.2.0
Build Time Elapsed:  00:01:32
</pre>
</body>
</html>
